// Jest Snapshot v1, https://goo.gl/fbAQLP

exports[`componentDidCatch works renders correctly 1`] = `""`;

exports[`renders correctly 1`] = `""`;
